Using pre-set license
Built from '6000.0/staging' branch; Version is '6000.0.36f1 (9fe3b5f71dbb) revision 10478517'; Using compiler version '193933523'; Build Type 'Release'
OS: 'Windows 10  (10.0.19045) 64bit Professional' Language: 'ru' Physical Memory: 16202 MB
BatchMode: 1, IsHumanControllingUs: 0, StartBugReporterOnCrash: 0, Is64bit: 1, IsPro: 1

COMMAND LINE ARGUMENTS:
C:\Program Files\Unity\Hub\Editor\6000.0.36f1\Editor\Unity.exe
-adb2
-batchMode
-noUpm
-name
AssetImportWorker0
-projectPath
D:/UnityPrjs/MyGamePrjct/RPG3D
-logFile
Logs/AssetImportWorker0.log
-srvPort
54074
-job-worker-count
7
-background-job-worker-count
8
-gc-helper-count
1
Successfully changed project path to: D:/UnityPrjs/MyGamePrjct/RPG3D
D:/UnityPrjs/MyGamePrjct/RPG3D
[UnityMemory] Configuration Parameters - Can be set up in boot.config
    "memorysetup-bucket-allocator-granularity=16"
    "memorysetup-bucket-allocator-bucket-count=8"
    "memorysetup-bucket-allocator-block-size=33554432"
    "memorysetup-bucket-allocator-block-count=8"
    "memorysetup-main-allocator-block-size=16777216"
    "memorysetup-thread-allocator-block-size=16777216"
    "memorysetup-gfx-main-allocator-block-size=16777216"
    "memorysetup-gfx-thread-allocator-block-size=16777216"
    "memorysetup-cache-allocator-block-size=4194304"
    "memorysetup-typetree-allocator-block-size=2097152"
    "memorysetup-profiler-bucket-allocator-granularity=16"
    "memorysetup-profiler-bucket-allocator-bucket-count=8"
    "memorysetup-profiler-bucket-allocator-block-size=33554432"
    "memorysetup-profiler-bucket-allocator-block-count=8"
    "memorysetup-profiler-allocator-block-size=16777216"
    "memorysetup-profiler-editor-allocator-block-size=1048576"
    "memorysetup-temp-allocator-size-main=16777216"
    "memorysetup-job-temp-allocator-block-size=2097152"
    "memorysetup-job-temp-allocator-block-size-background=1048576"
    "memorysetup-job-temp-allocator-reduction-small-platforms=262144"
    "memorysetup-allocator-temp-initial-block-size-main=262144"
    "memorysetup-allocator-temp-initial-block-size-worker=262144"
    "memorysetup-temp-allocator-size-background-worker=32768"
    "memorysetup-temp-allocator-size-job-worker=262144"
    "memorysetup-temp-allocator-size-preload-manager=33554432"
    "memorysetup-temp-allocator-size-nav-mesh-worker=65536"
    "memorysetup-temp-allocator-size-audio-worker=65536"
    "memorysetup-temp-allocator-size-cloud-worker=32768"
    "memorysetup-temp-allocator-size-gi-baking-worker=262144"
    "memorysetup-temp-allocator-size-gi-baking-worker=262144"
    "memorysetup-temp-allocator-size-gi-baking-worker=262144"
    "memorysetup-temp-allocator-size-gi-baking-worker=262144"
    "memorysetup-temp-allocator-size-gi-baking-worker=262144"
    "memorysetup-temp-allocator-size-gfx=262144"
Player connection [25948]  Target information:

Player connection [25948]  * "[IP] 192.168.200.105 [Port] 0 [Flags] 2 [Guid] 1699338981 [EditorId] 1699338981 [Version] 1048832 [Id] WindowsEditor(7,DESKTOP-O83DMA8) [Debug] 1 [PackageName] WindowsEditor [ProjectName] Editor" 

Player connection [25948] Host joined multi-casting on [225.0.0.222:54997]...
Player connection [25948] Host joined alternative multi-casting on [225.0.0.222:34997]...
JobSystem: Creating JobQueue using job-worker-count value 7
Input System module state changed to: Initialized.
[Physics::Module] Initialized fallback backend.
[Physics::Module] Id: 0xdecafbad
Library Redirect Path: Library/
[Physics::Module] Selected backend.
[Physics::Module] Name: PhysX
[Physics::Module] Id: 0xf2b8ea05
[Physics::Module] SDK Version: 4.1.2
[Physics::Module] Integration Version: 1.0.0
[Physics::Module] Threading Mode: Multi-Threaded
Refreshing native plugins compatible for Editor in 2.94 ms, found 3 plugins.
Preloading 0 native plugins for Editor in 0.00 ms.
Initialize engine version: 6000.0.36f1 (9fe3b5f71dbb)
[Subsystems] Discovering subsystems at path C:/Program Files/Unity/Hub/Editor/6000.0.36f1/Editor/Data/Resources/UnitySubsystems
[Subsystems] Discovering subsystems at path D:/UnityPrjs/MyGamePrjct/RPG3D/Assets
GfxDevice: creating device client; kGfxThreadingModeNonThreaded
Direct3D:
    Version:  Direct3D 11.0 [level 11.1]
    Renderer: NVIDIA GeForce RTX 4050 Laptop GPU (ID=0x28e1)
    Vendor:   NVIDIA
    VRAM:     5921 MB
    Driver:   32.0.15.5597
Initialize mono
Mono path[0] = 'C:/Program Files/Unity/Hub/Editor/6000.0.36f1/Editor/Data/Managed'
Mono path[1] = 'C:/Program Files/Unity/Hub/Editor/6000.0.36f1/Editor/Data/MonoBleedingEdge/lib/mono/unityjit-win32'
Mono config path = 'C:/Program Files/Unity/Hub/Editor/6000.0.36f1/Editor/Data/MonoBleedingEdge/etc'
Using monoOptions --debugger-agent=transport=dt_socket,embedding=1,server=y,suspend=n,address=127.0.0.1:56256
Begin MonoManager ReloadAssembly
Registering precompiled unity dll's ...
Register platform support module: C:/Program Files/Unity/Hub/Editor/6000.0.36f1/Editor/Data/PlaybackEngines/WindowsStandaloneSupport/UnityEditor.WindowsStandalone.Extensions.dll
Register platform support module: C:/Program Files/Unity/Hub/Editor/6000.0.36f1/Editor/Data/PlaybackEngines/AndroidPlayer/UnityEditor.Android.Extensions.dll
Registered in 0.003302 seconds.
- Loaded All Assemblies, in  0.423 seconds
Native extension for Android target not found
Android Extension - Scanning For ADB Devices 252 ms
Native extension for WindowsStandalone target not found
Mono: successfully reloaded assembly
- Finished resetting the current domain, in  0.615 seconds
Domain Reload Profiling: 1036ms
	BeginReloadAssembly (141ms)
		ExecutionOrderSort (0ms)
		DisableScriptedObjects (0ms)
		BackupInstance (0ms)
		ReleaseScriptingObjects (0ms)
		CreateAndSetChildDomain (1ms)
	RebuildCommonClasses (35ms)
	RebuildNativeTypeToScriptingClass (10ms)
	initialDomainReloadingComplete (54ms)
	LoadAllAssembliesAndSetupDomain (181ms)
		LoadAssemblies (139ms)
		RebuildTransferFunctionScriptingTraits (0ms)
		AnalyzeDomain (177ms)
			TypeCache.Refresh (175ms)
				TypeCache.ScanAssembly (162ms)
			BuildScriptInfoCaches (0ms)
			ResolveRequiredComponents (1ms)
	FinalizeReload (616ms)
		ReleaseScriptCaches (0ms)
		RebuildScriptCaches (0ms)
		SetupLoadedEditorAssemblies (580ms)
			LogAssemblyErrors (0ms)
			InitializePlatformSupportModulesInManaged (354ms)
			SetLoadedEditorAssemblies (4ms)
			BeforeProcessingInitializeOnLoad (49ms)
			ProcessInitializeOnLoadAttributes (115ms)
			ProcessInitializeOnLoadMethodAttributes (58ms)
			AfterProcessingInitializeOnLoad (0ms)
			EditorAssembliesLoaded (0ms)
		ExecutionOrderSort2 (0ms)
		AwakeInstancesAfterBackupRestoration (0ms)
========================================================================
Worker process is ready to serve import requests
Import Worker Mode flag is 0x00
Begin MonoManager ReloadAssembly
Symbol file LoadedFromMemory is not a mono symbol file
- Loaded All Assemblies, in  1.017 seconds
'Packages/com.unity.cinemachine/Editor/Obsolete/CinemachineVirtualCameraBaseEditor.cs' contains partial class of Unity.Object, exactly 1 of the partial classes needs to be in a file with the same filename. This is to know the one that can be referenced from ie. GameObjects
'Packages/com.unity.render-pipelines.high-definition/Editor/Wizard/HDWizard.UIElement.cs' contains partial class of Unity.Object, exactly 1 of the partial classes needs to be in a file with the same filename. This is to know the one that can be referenced from ie. GameObjects
'Packages/com.unity.render-pipelines.high-definition/Editor/Wizard/HDWizard.Configuration.cs' contains partial class of Unity.Object, exactly 1 of the partial classes needs to be in a file with the same filename. This is to know the one that can be referenced from ie. GameObjects
'Packages/com.unity.cinemachine/Editor/Editors/CinemachineVirtualCameraBaseEditor.cs' contains partial class of Unity.Object, exactly 1 of the partial classes needs to be in a file with the same filename. This is to know the one that can be referenced from ie. GameObjects
'Packages/com.unity.render-pipelines.high-definition/Editor/Wizard/HDWizard.Window.cs' contains partial class of Unity.Object, exactly 1 of the partial classes needs to be in a file with the same filename. This is to know the one that can be referenced from ie. GameObjects
Refreshing native plugins compatible for Editor in 2.16 ms, found 3 plugins.
Native extension for Android target not found
Native extension for WindowsStandalone target not found
Package Manager log level set to [2]
[Package Manager] Failed to launch server process. Reason: Unity was launched with the -noUpm command-line argument
[Package Manager] Unable to send message (not connected to server process).
[Package Manager] Cannot connect to Unity Package Manager local server
Refreshing native plugins compatible for Editor in 4.02 ms, found 3 plugins.
[MODES] ModeService[none].Initialize
[MODES] ModeService[none].LoadModes
[MODES] Loading mode Default (0) for mode-current-id-RPG3D
Mono: successfully reloaded assembly
- Finished resetting the current domain, in  1.056 seconds
Domain Reload Profiling: 2070ms
	BeginReloadAssembly (168ms)
		ExecutionOrderSort (0ms)
		DisableScriptedObjects (6ms)
		BackupInstance (0ms)
		ReleaseScriptingObjects (0ms)
		CreateAndSetChildDomain (35ms)
	RebuildCommonClasses (43ms)
	RebuildNativeTypeToScriptingClass (13ms)
	initialDomainReloadingComplete (44ms)
	LoadAllAssembliesAndSetupDomain (745ms)
		LoadAssemblies (465ms)
		RebuildTransferFunctionScriptingTraits (0ms)
		AnalyzeDomain (377ms)
			TypeCache.Refresh (261ms)
				TypeCache.ScanAssembly (234ms)
			BuildScriptInfoCaches (94ms)
			ResolveRequiredComponents (17ms)
	FinalizeReload (1056ms)
		ReleaseScriptCaches (0ms)
		RebuildScriptCaches (0ms)
		SetupLoadedEditorAssemblies (901ms)
			LogAssemblyErrors (0ms)
			InitializePlatformSupportModulesInManaged (12ms)
			SetLoadedEditorAssemblies (4ms)
			BeforeProcessingInitializeOnLoad (147ms)
			ProcessInitializeOnLoadAttributes (427ms)
			ProcessInitializeOnLoadMethodAttributes (305ms)
			AfterProcessingInitializeOnLoad (5ms)
			EditorAssembliesLoaded (0ms)
		ExecutionOrderSort2 (0ms)
		AwakeInstancesAfterBackupRestoration (6ms)
Launched and connected shader compiler UnityShaderCompiler.exe after 0.01 seconds
Refreshing native plugins compatible for Editor in 3.02 ms, found 3 plugins.
Preloading 0 native plugins for Editor in 0.00 ms.
Unloading 473 Unused Serialized files (Serialized files now loaded: 0)
Unloading 9209 unused Assets / (29.9 MB). Loaded Objects now: 9767.
Memory consumption went from 296.3 MB to 266.4 MB.
Total: 22.230400 ms (FindLiveObjects: 1.202800 ms CreateObjectMapping: 1.638200 ms MarkObjects: 10.886900 ms  DeleteObjects: 8.500900 ms)

========================================================================
Received Import Request.
  Time since last request: 24123.254091 seconds.
  path: Assets/Resources/TriForge Assets/Fantasy Worlds - DEMO Content/Prefabs/P_fwOF_Tree_M_2 1.prefab
  artifactKey: Guid(50bbb479a3c4f6b4eb1ba51a53b57683) Importer(815301076,1909f56bfc062723c751e8b465ee728b)
Start importing Assets/Resources/TriForge Assets/Fantasy Worlds - DEMO Content/Prefabs/P_fwOF_Tree_M_2 1.prefab using Guid(50bbb479a3c4f6b4eb1ba51a53b57683) Importer(815301076,1909f56bfc062723c751e8b465ee728b) (PreviewImporter) -> (artifact id: 'c60d96cf805d3388730920b434d07b84') in 0.3128543 seconds
Number of updated asset objects reloaded before import = 0Number of asset objects unloaded after import = 134

========================================================================
Received Import Request.
  Time since last request: 8.290048 seconds.
  path: Assets/Resources/Polytope Studio/Lowpoly_Environments/Sources
  artifactKey: Guid(50084c0ced59c5243b289606ec1aaa1d) Importer(815301076,1909f56bfc062723c751e8b465ee728b)
Start importing Assets/Resources/Polytope Studio/Lowpoly_Environments/Sources using Guid(50084c0ced59c5243b289606ec1aaa1d) Importer(815301076,1909f56bfc062723c751e8b465ee728b) (PreviewImporter) -> (artifact id: 'cd410c2493f25343d44ddc35ea21946b') in 0.0007396 seconds
Number of updated asset objects reloaded before import = 0Number of asset objects unloaded after import = 0

========================================================================
Received Import Request.
  Time since last request: 1.705135 seconds.
  path: Assets/Resources/Polytope Studio/Lowpoly_Environments/Prefabs/Trees
  artifactKey: Guid(e4243f8d0fc95cf46b99b24ef7a05c79) Importer(815301076,1909f56bfc062723c751e8b465ee728b)
Start importing Assets/Resources/Polytope Studio/Lowpoly_Environments/Prefabs/Trees using Guid(e4243f8d0fc95cf46b99b24ef7a05c79) Importer(815301076,1909f56bfc062723c751e8b465ee728b) (PreviewImporter) -> (artifact id: '2deb5df639fe3193fc7e3d58351adf54') in 0.0005684 seconds
Number of updated asset objects reloaded before import = 0Number of asset objects unloaded after import = 0

========================================================================
Received Import Request.
  Time since last request: 50.973403 seconds.
  path: Assets/Resources/Charttyp/Stylized fantasy pagan village
  artifactKey: Guid(0cf41cbaef4ec894b926be8717e114bb) Importer(815301076,1909f56bfc062723c751e8b465ee728b)
Start importing Assets/Resources/Charttyp/Stylized fantasy pagan village using Guid(0cf41cbaef4ec894b926be8717e114bb) Importer(815301076,1909f56bfc062723c751e8b465ee728b) (PreviewImporter) -> (artifact id: '5051320735b25fd5beba6ce5264b239c') in 0.000583 seconds
Number of updated asset objects reloaded before import = 0Number of asset objects unloaded after import = 0

========================================================================
Received Import Request.
  Time since last request: 1.084622 seconds.
  path: Assets/Resources/Charttyp/Stylized fantasy pagan village/Prefabs
  artifactKey: Guid(4234934311dce9443a1e9cbad7554870) Importer(815301076,1909f56bfc062723c751e8b465ee728b)
Start importing Assets/Resources/Charttyp/Stylized fantasy pagan village/Prefabs using Guid(4234934311dce9443a1e9cbad7554870) Importer(815301076,1909f56bfc062723c751e8b465ee728b) (PreviewImporter) -> (artifact id: '7b81e8c9a45585496a60231a1d7cd933') in 0.0005981 seconds
Number of updated asset objects reloaded before import = 0Number of asset objects unloaded after import = 0

========================================================================
Received Import Request.
  Time since last request: 0.001221 seconds.
  path: Assets/Resources/Charttyp/Stylized fantasy pagan village/Prefabs/Barrel_1.prefab
  artifactKey: Guid(8b6a94e46a7a3ce4694a73a263603d0e) Importer(815301076,1909f56bfc062723c751e8b465ee728b)
Start importing Assets/Resources/Charttyp/Stylized fantasy pagan village/Prefabs/Barrel_1.prefab using Guid(8b6a94e46a7a3ce4694a73a263603d0e) Importer(815301076,1909f56bfc062723c751e8b465ee728b) (PreviewImporter) -> (artifact id: 'ad024fc2828ca8eadbf70289547f6c9d') in 0.0242279 seconds
Number of updated asset objects reloaded before import = 0Number of asset objects unloaded after import = 17

========================================================================
Received Import Request.
  Time since last request: 0.000047 seconds.
  path: Assets/Resources/Charttyp/Stylized fantasy pagan village/Prefabs/Flower_1.prefab
  artifactKey: Guid(c1496b23b2527f243adc9846921daa9d) Importer(815301076,1909f56bfc062723c751e8b465ee728b)
Start importing Assets/Resources/Charttyp/Stylized fantasy pagan village/Prefabs/Flower_1.prefab using Guid(c1496b23b2527f243adc9846921daa9d) Importer(815301076,1909f56bfc062723c751e8b465ee728b) (PreviewImporter) -> (artifact id: '33a40e88a3ad73ac9bd271728caa91bc') in 0.0114638 seconds
Number of updated asset objects reloaded before import = 0Number of asset objects unloaded after import = 16

========================================================================
Received Import Request.
  Time since last request: 0.000024 seconds.
  path: Assets/Resources/Charttyp/Stylized fantasy pagan village/Prefabs/Sack_closed_2.prefab
  artifactKey: Guid(a4300ec32e38bfa45b153f339877e151) Importer(815301076,1909f56bfc062723c751e8b465ee728b)
Start importing Assets/Resources/Charttyp/Stylized fantasy pagan village/Prefabs/Sack_closed_2.prefab using Guid(a4300ec32e38bfa45b153f339877e151) Importer(815301076,1909f56bfc062723c751e8b465ee728b) (PreviewImporter) -> (artifact id: '75d0aacb623bc6229bdeb115ff1e1ba0') in 0.0143392 seconds
Number of updated asset objects reloaded before import = 0Number of asset objects unloaded after import = 17

========================================================================
Received Import Request.
  Time since last request: 0.000025 seconds.
  path: Assets/Resources/Charttyp/Stylized fantasy pagan village/Prefabs/Grass_1.prefab
  artifactKey: Guid(2f6e2101e3cef964da1236f884c3e582) Importer(815301076,1909f56bfc062723c751e8b465ee728b)
Start importing Assets/Resources/Charttyp/Stylized fantasy pagan village/Prefabs/Grass_1.prefab using Guid(2f6e2101e3cef964da1236f884c3e582) Importer(815301076,1909f56bfc062723c751e8b465ee728b) (PreviewImporter) -> (artifact id: 'e0a6a757b27d3135ee6d866f76852e76') in 0.0104347 seconds
Number of updated asset objects reloaded before import = 0Number of asset objects unloaded after import = 16

========================================================================
Received Import Request.
  Time since last request: 0.000025 seconds.
  path: Assets/Resources/Charttyp/Stylized fantasy pagan village/Prefabs/Chest_plank_apple.prefab
  artifactKey: Guid(2146705ef107259438aca88b0e511407) Importer(815301076,1909f56bfc062723c751e8b465ee728b)
Start importing Assets/Resources/Charttyp/Stylized fantasy pagan village/Prefabs/Chest_plank_apple.prefab using Guid(2146705ef107259438aca88b0e511407) Importer(815301076,1909f56bfc062723c751e8b465ee728b) (PreviewImporter) -> (artifact id: 'd4e4911c91f4792f9e1f4cedbcdd3be9') in 0.0114234 seconds
Number of updated asset objects reloaded before import = 0Number of asset objects unloaded after import = 17

========================================================================
Received Import Request.
  Time since last request: 0.000023 seconds.
  path: Assets/Resources/Charttyp/Stylized fantasy pagan village/Prefabs/House_1.prefab
  artifactKey: Guid(962b3bc8cfb64ac4cbdf99003a38ce22) Importer(815301076,1909f56bfc062723c751e8b465ee728b)
Start importing Assets/Resources/Charttyp/Stylized fantasy pagan village/Prefabs/House_1.prefab using Guid(962b3bc8cfb64ac4cbdf99003a38ce22) Importer(815301076,1909f56bfc062723c751e8b465ee728b) (PreviewImporter) -> (artifact id: 'cd64b0b8ad7f5f8318b01b1262e67ee1') in 0.0712246 seconds
Number of updated asset objects reloaded before import = 0Number of asset objects unloaded after import = 1169

========================================================================
Received Import Request.
  Time since last request: 17.738856 seconds.
  path: Assets/Resources/Charttyp/Stylized fantasy pagan village/Meshes/Branch_1.fbx
  artifactKey: Guid(c51cb65e468f4aa4ca01ded3c255c885) Importer(815301076,1909f56bfc062723c751e8b465ee728b)
Start importing Assets/Resources/Charttyp/Stylized fantasy pagan village/Meshes/Branch_1.fbx using Guid(c51cb65e468f4aa4ca01ded3c255c885) Importer(815301076,1909f56bfc062723c751e8b465ee728b) (PreviewImporter) -> (artifact id: '5efc79aee000a0be66a77345f8a72108') in 0.0424458 seconds
Number of updated asset objects reloaded before import = 0Number of asset objects unloaded after import = 7

========================================================================
Received Import Request.
  Time since last request: 0.000039 seconds.
  path: Assets/Resources/Charttyp/Stylized fantasy pagan village/Meshes/Fence_branches_1.fbx
  artifactKey: Guid(4431296f851368b44ad30f882386bf93) Importer(815301076,1909f56bfc062723c751e8b465ee728b)
Start importing Assets/Resources/Charttyp/Stylized fantasy pagan village/Meshes/Fence_branches_1.fbx using Guid(4431296f851368b44ad30f882386bf93) Importer(815301076,1909f56bfc062723c751e8b465ee728b) (PreviewImporter) -> (artifact id: '0f18c885e1ceb2bb0d6bb93617e0e55a') in 0.0114978 seconds
Number of updated asset objects reloaded before import = 0Number of asset objects unloaded after import = 7

========================================================================
Received Import Request.
  Time since last request: 0.000027 seconds.
  path: Assets/Resources/Charttyp/Stylized fantasy pagan village/Meshes/Flower_1.fbx
  artifactKey: Guid(79645b96a166fa54e89299aad704098f) Importer(815301076,1909f56bfc062723c751e8b465ee728b)
Start importing Assets/Resources/Charttyp/Stylized fantasy pagan village/Meshes/Flower_1.fbx using Guid(79645b96a166fa54e89299aad704098f) Importer(815301076,1909f56bfc062723c751e8b465ee728b) (PreviewImporter) -> (artifact id: '37ac8fb05f0ceb6fac52c4dabfdee824') in 0.0115406 seconds
Number of updated asset objects reloaded before import = 0Number of asset objects unloaded after import = 7

========================================================================
Received Import Request.
  Time since last request: 0.000019 seconds.
  path: Assets/Resources/Charttyp/Stylized fantasy pagan village/Meshes/Chest_plank_apple.fbx
  artifactKey: Guid(13c18d3e709b60d40b143c8d157e5287) Importer(815301076,1909f56bfc062723c751e8b465ee728b)
Start importing Assets/Resources/Charttyp/Stylized fantasy pagan village/Meshes/Chest_plank_apple.fbx using Guid(13c18d3e709b60d40b143c8d157e5287) Importer(815301076,1909f56bfc062723c751e8b465ee728b) (PreviewImporter) -> (artifact id: '2fe8984c98b7ed31ebff51a3951a2f3e') in 0.0112627 seconds
Number of updated asset objects reloaded before import = 0Number of asset objects unloaded after import = 7

========================================================================
Received Import Request.
  Time since last request: 0.000017 seconds.
  path: Assets/Resources/Charttyp/Stylized fantasy pagan village/Meshes/Grass_1.fbx
  artifactKey: Guid(f5e8516e3e7f295408228dd49fa0323f) Importer(815301076,1909f56bfc062723c751e8b465ee728b)
Start importing Assets/Resources/Charttyp/Stylized fantasy pagan village/Meshes/Grass_1.fbx using Guid(f5e8516e3e7f295408228dd49fa0323f) Importer(815301076,1909f56bfc062723c751e8b465ee728b) (PreviewImporter) -> (artifact id: '02b04ff65c3313c690d0ae97475e2fab') in 0.0101629 seconds
Number of updated asset objects reloaded before import = 0Number of asset objects unloaded after import = 7

========================================================================
Received Import Request.
  Time since last request: 0.265461 seconds.
  path: Assets/Resources/Charttyp/Stylized fantasy pagan village/Materials/Material_1.mat
  artifactKey: Guid(a2b9ddfd4fdbfbb4c8bbf36fe58d28b4) Importer(815301076,1909f56bfc062723c751e8b465ee728b)
Start importing Assets/Resources/Charttyp/Stylized fantasy pagan village/Materials/Material_1.mat using Guid(a2b9ddfd4fdbfbb4c8bbf36fe58d28b4) Importer(815301076,1909f56bfc062723c751e8b465ee728b) (PreviewImporter) -> (artifact id: '935d42936dd2e85e7a2587008c3e4436') in 0.0376609 seconds
Number of updated asset objects reloaded before import = 0Number of asset objects unloaded after import = 3

========================================================================
Received Import Request.
  Time since last request: 0.000024 seconds.
  path: Assets/Resources/Charttyp/Stylized fantasy pagan village/Materials/Material_6.mat
  artifactKey: Guid(efe8ba70e4e17b7429b107de9f88972d) Importer(815301076,1909f56bfc062723c751e8b465ee728b)
Start importing Assets/Resources/Charttyp/Stylized fantasy pagan village/Materials/Material_6.mat using Guid(efe8ba70e4e17b7429b107de9f88972d) Importer(815301076,1909f56bfc062723c751e8b465ee728b) (PreviewImporter) -> (artifact id: 'e5b82fb7bd0dea949e3b059bc4691839') in 0.0128141 seconds
Number of updated asset objects reloaded before import = 0Number of asset objects unloaded after import = 3

========================================================================
Received Import Request.
  Time since last request: 5.920861 seconds.
  path: Assets/Resources/TerrainSampleAssets/Models/Bush_B.asset
  artifactKey: Guid(1ea33222cad50ad49aa4978bc84846e4) Importer(815301076,1909f56bfc062723c751e8b465ee728b)
Start importing Assets/Resources/TerrainSampleAssets/Models/Bush_B.asset using Guid(1ea33222cad50ad49aa4978bc84846e4) Importer(815301076,1909f56bfc062723c751e8b465ee728b) (PreviewImporter) -> (artifact id: '14d4bfa58f29a08b3d4ee9c77c02f756') in 0.0077832 seconds
Number of updated asset objects reloaded before import = 0Number of asset objects unloaded after import = 2

========================================================================
Received Import Request.
  Time since last request: 0.000031 seconds.
  path: Assets/Resources/TerrainSampleAssets/Models/Fern_C.asset
  artifactKey: Guid(19f3cdde7d5104c4da897ac17045ddfd) Importer(815301076,1909f56bfc062723c751e8b465ee728b)
Start importing Assets/Resources/TerrainSampleAssets/Models/Fern_C.asset using Guid(19f3cdde7d5104c4da897ac17045ddfd) Importer(815301076,1909f56bfc062723c751e8b465ee728b) (PreviewImporter) -> (artifact id: 'f734291695e1ece21a0485cf8b15eb1e') in 0.0177656 seconds
Number of updated asset objects reloaded before import = 0Number of asset objects unloaded after import = 2

========================================================================
Received Import Request.
  Time since last request: 0.000031 seconds.
  path: Assets/Resources/TerrainSampleAssets/Models/Plant_A.asset
  artifactKey: Guid(d427b65f0342fe84fa77dabe420757ee) Importer(815301076,1909f56bfc062723c751e8b465ee728b)
Start importing Assets/Resources/TerrainSampleAssets/Models/Plant_A.asset using Guid(d427b65f0342fe84fa77dabe420757ee) Importer(815301076,1909f56bfc062723c751e8b465ee728b) (PreviewImporter) -> (artifact id: '31d18399ab16ed2bd7dea03a761683dc') in 0.0071412 seconds
Number of updated asset objects reloaded before import = 0Number of asset objects unloaded after import = 2

========================================================================
Received Import Request.
  Time since last request: 0.000022 seconds.
  path: Assets/Resources/TerrainSampleAssets/Models/Heather_B.asset
  artifactKey: Guid(fa4ffd32709146c448c403bfd045f3fb) Importer(815301076,1909f56bfc062723c751e8b465ee728b)
Start importing Assets/Resources/TerrainSampleAssets/Models/Heather_B.asset using Guid(fa4ffd32709146c448c403bfd045f3fb) Importer(815301076,1909f56bfc062723c751e8b465ee728b) (PreviewImporter) -> (artifact id: '96ce5a9a59ee9745255cec9a828cd09f') in 0.0065186 seconds
Number of updated asset objects reloaded before import = 0Number of asset objects unloaded after import = 2

========================================================================
Received Import Request.
  Time since last request: 0.000021 seconds.
  path: Assets/Resources/TerrainSampleAssets/Models/Fern_A.asset
  artifactKey: Guid(2532d22dd52b5854189d40a50540b705) Importer(815301076,1909f56bfc062723c751e8b465ee728b)
Start importing Assets/Resources/TerrainSampleAssets/Models/Fern_A.asset using Guid(2532d22dd52b5854189d40a50540b705) Importer(815301076,1909f56bfc062723c751e8b465ee728b) (PreviewImporter) -> (artifact id: 'ac575d3e882910af46ff5d76419233f5') in 0.0080511 seconds
Number of updated asset objects reloaded before import = 0Number of asset objects unloaded after import = 2

========================================================================
Received Import Request.
  Time since last request: 6.620934 seconds.
  path: Assets/Resources/TextMesh Pro/Shaders/TMPro.cginc
  artifactKey: Guid(407bc68d299748449bbf7f48ee690f8d) Importer(815301076,1909f56bfc062723c751e8b465ee728b)
Start importing Assets/Resources/TextMesh Pro/Shaders/TMPro.cginc using Guid(407bc68d299748449bbf7f48ee690f8d) Importer(815301076,1909f56bfc062723c751e8b465ee728b) (PreviewImporter) -> (artifact id: '396a4b8ab0d3aefd022fdabb2ee7ddc5') in 0.0012582 seconds
Number of updated asset objects reloaded before import = 0Number of asset objects unloaded after import = 1

========================================================================
Received Import Request.
  Time since last request: 7.618803 seconds.
  path: Assets/Resources/TriForge Assets/Fantasy Worlds - DEMO Content/Textures/T_fwOF_Rocks_01_N.png
  artifactKey: Guid(1dad65dba40550c45a25bbdb3b9b750d) Importer(815301076,1909f56bfc062723c751e8b465ee728b)
Start importing Assets/Resources/TriForge Assets/Fantasy Worlds - DEMO Content/Textures/T_fwOF_Rocks_01_N.png using Guid(1dad65dba40550c45a25bbdb3b9b750d) Importer(815301076,1909f56bfc062723c751e8b465ee728b) (PreviewImporter) -> (artifact id: '156e103e8e14f6229d0c72b903ce9867') in 0.0485913 seconds
Number of updated asset objects reloaded before import = 0Number of asset objects unloaded after import = 2

========================================================================
Received Import Request.
  Time since last request: 0.000036 seconds.
  path: Assets/Resources/TriForge Assets/Fantasy Worlds - DEMO Content/Textures/T_fwOF_Stones_01_MAOS.png
  artifactKey: Guid(45767a232a2239042acd5ef5b8ceca99) Importer(815301076,1909f56bfc062723c751e8b465ee728b)
Start importing Assets/Resources/TriForge Assets/Fantasy Worlds - DEMO Content/Textures/T_fwOF_Stones_01_MAOS.png using Guid(45767a232a2239042acd5ef5b8ceca99) Importer(815301076,1909f56bfc062723c751e8b465ee728b) (PreviewImporter) -> (artifact id: 'e1c718920f83a2745b12311fef98596d') in 0.008779 seconds
Number of updated asset objects reloaded before import = 0Number of asset objects unloaded after import = 2

