Using pre-set license
Built from '6000.0/staging' branch; Version is '6000.0.36f1 (9fe3b5f71dbb) revision 10478517'; Using compiler version '193933523'; Build Type 'Release'
OS: 'Windows 10  (10.0.19045) 64bit Professional' Language: 'ru' Physical Memory: 16202 MB
BatchMode: 1, IsHumanControllingUs: 0, StartBugReporterOnCrash: 0, Is64bit: 1, IsPro: 1

COMMAND LINE ARGUMENTS:
C:\Program Files\Unity\Hub\Editor\6000.0.36f1\Editor\Unity.exe
-adb2
-batchMode
-noUpm
-name
AssetImportWorker1
-projectPath
D:/UnityPrjs/MyGamePrjct/RPG3D
-logFile
Logs/AssetImportWorker1.log
-srvPort
49774
-job-worker-count
7
-background-job-worker-count
8
-gc-helper-count
1
Successfully changed project path to: D:/UnityPrjs/MyGamePrjct/RPG3D
D:/UnityPrjs/MyGamePrjct/RPG3D
[UnityMemory] Configuration Parameters - Can be set up in boot.config
    "memorysetup-bucket-allocator-granularity=16"
    "memorysetup-bucket-allocator-bucket-count=8"
    "memorysetup-bucket-allocator-block-size=33554432"
    "memorysetup-bucket-allocator-block-count=8"
    "memorysetup-main-allocator-block-size=16777216"
    "memorysetup-thread-allocator-block-size=16777216"
    "memorysetup-gfx-main-allocator-block-size=16777216"
    "memorysetup-gfx-thread-allocator-block-size=16777216"
    "memorysetup-cache-allocator-block-size=4194304"
    "memorysetup-typetree-allocator-block-size=2097152"
    "memorysetup-profiler-bucket-allocator-granularity=16"
    "memorysetup-profiler-bucket-allocator-bucket-count=8"
    "memorysetup-profiler-bucket-allocator-block-size=33554432"
    "memorysetup-profiler-bucket-allocator-block-count=8"
    "memorysetup-profiler-allocator-block-size=16777216"
    "memorysetup-profiler-editor-allocator-block-size=1048576"
    "memorysetup-temp-allocator-size-main=16777216"
    "memorysetup-job-temp-allocator-block-size=2097152"
    "memorysetup-job-temp-allocator-block-size-background=1048576"
    "memorysetup-job-temp-allocator-reduction-small-platforms=262144"
    "memorysetup-allocator-temp-initial-block-size-main=262144"
    "memorysetup-allocator-temp-initial-block-size-worker=262144"
    "memorysetup-temp-allocator-size-background-worker=32768"
    "memorysetup-temp-allocator-size-job-worker=262144"
    "memorysetup-temp-allocator-size-preload-manager=33554432"
    "memorysetup-temp-allocator-size-nav-mesh-worker=65536"
    "memorysetup-temp-allocator-size-audio-worker=65536"
    "memorysetup-temp-allocator-size-cloud-worker=32768"
    "memorysetup-temp-allocator-size-gi-baking-worker=262144"
    "memorysetup-temp-allocator-size-gi-baking-worker=262144"
    "memorysetup-temp-allocator-size-gi-baking-worker=262144"
    "memorysetup-temp-allocator-size-gi-baking-worker=262144"
    "memorysetup-temp-allocator-size-gi-baking-worker=262144"
    "memorysetup-temp-allocator-size-gfx=262144"
Player connection [18388]  Target information:

Player connection [18388]  * "[IP] 192.168.200.105 [Port] 0 [Flags] 2 [Guid] 2162341407 [EditorId] 2162341407 [Version] 1048832 [Id] WindowsEditor(7,DESKTOP-O83DMA8) [Debug] 1 [PackageName] WindowsEditor [ProjectName] Editor" 

Player connection [18388] Host joined multi-casting on [225.0.0.222:54997]...
Player connection [18388] Host joined alternative multi-casting on [225.0.0.222:34997]...
JobSystem: Creating JobQueue using job-worker-count value 7
Input System module state changed to: Initialized.
[Physics::Module] Initialized fallback backend.
[Physics::Module] Id: 0xdecafbad
Library Redirect Path: Library/
[Physics::Module] Selected backend.
[Physics::Module] Name: PhysX
[Physics::Module] Id: 0xf2b8ea05
[Physics::Module] SDK Version: 4.1.2
[Physics::Module] Integration Version: 1.0.0
[Physics::Module] Threading Mode: Multi-Threaded
Refreshing native plugins compatible for Editor in 5.11 ms, found 3 plugins.
Preloading 0 native plugins for Editor in 0.00 ms.
Initialize engine version: 6000.0.36f1 (9fe3b5f71dbb)
[Subsystems] Discovering subsystems at path C:/Program Files/Unity/Hub/Editor/6000.0.36f1/Editor/Data/Resources/UnitySubsystems
[Subsystems] Discovering subsystems at path D:/UnityPrjs/MyGamePrjct/RPG3D/Assets
GfxDevice: creating device client; kGfxThreadingModeNonThreaded
Direct3D:
    Version:  Direct3D 11.0 [level 11.1]
    Renderer: NVIDIA GeForce RTX 4050 Laptop GPU (ID=0x28e1)
    Vendor:   NVIDIA
    VRAM:     5921 MB
    Driver:   32.0.15.5597
Shader 'Custom/RainShader': fallback shader 'Particles/Alpha Blended' not found
Initialize mono
Mono path[0] = 'C:/Program Files/Unity/Hub/Editor/6000.0.36f1/Editor/Data/Managed'
Mono path[1] = 'C:/Program Files/Unity/Hub/Editor/6000.0.36f1/Editor/Data/MonoBleedingEdge/lib/mono/unityjit-win32'
Mono config path = 'C:/Program Files/Unity/Hub/Editor/6000.0.36f1/Editor/Data/MonoBleedingEdge/etc'
Using monoOptions --debugger-agent=transport=dt_socket,embedding=1,server=y,suspend=n,address=127.0.0.1:56376
Begin MonoManager ReloadAssembly
Registering precompiled unity dll's ...
Register platform support module: C:/Program Files/Unity/Hub/Editor/6000.0.36f1/Editor/Data/PlaybackEngines/WindowsStandaloneSupport/UnityEditor.WindowsStandalone.Extensions.dll
Register platform support module: C:/Program Files/Unity/Hub/Editor/6000.0.36f1/Editor/Data/PlaybackEngines/AndroidPlayer/UnityEditor.Android.Extensions.dll
Registered in 0.004568 seconds.
- Loaded All Assemblies, in  0.453 seconds
Native extension for Android target not found
Android Extension - Scanning For ADB Devices 425 ms
Native extension for WindowsStandalone target not found
Mono: successfully reloaded assembly
- Finished resetting the current domain, in  0.963 seconds
Domain Reload Profiling: 1414ms
	BeginReloadAssembly (146ms)
		ExecutionOrderSort (0ms)
		DisableScriptedObjects (0ms)
		BackupInstance (0ms)
		ReleaseScriptingObjects (0ms)
		CreateAndSetChildDomain (1ms)
	RebuildCommonClasses (43ms)
	RebuildNativeTypeToScriptingClass (12ms)
	initialDomainReloadingComplete (59ms)
	LoadAllAssembliesAndSetupDomain (191ms)
		LoadAssemblies (144ms)
		RebuildTransferFunctionScriptingTraits (0ms)
		AnalyzeDomain (187ms)
			TypeCache.Refresh (186ms)
				TypeCache.ScanAssembly (171ms)
			BuildScriptInfoCaches (0ms)
			ResolveRequiredComponents (0ms)
	FinalizeReload (964ms)
		ReleaseScriptCaches (0ms)
		RebuildScriptCaches (0ms)
		SetupLoadedEditorAssemblies (899ms)
			LogAssemblyErrors (0ms)
			InitializePlatformSupportModulesInManaged (537ms)
			SetLoadedEditorAssemblies (5ms)
			BeforeProcessingInitializeOnLoad (91ms)
			ProcessInitializeOnLoadAttributes (189ms)
			ProcessInitializeOnLoadMethodAttributes (77ms)
			AfterProcessingInitializeOnLoad (0ms)
			EditorAssembliesLoaded (0ms)
		ExecutionOrderSort2 (0ms)
		AwakeInstancesAfterBackupRestoration (0ms)
========================================================================
Worker process is ready to serve import requests
Import Worker Mode flag is 0x00
Begin MonoManager ReloadAssembly
Symbol file LoadedFromMemory is not a mono symbol file
- Loaded All Assemblies, in  1.115 seconds
'Packages/com.unity.cinemachine/Editor/Obsolete/CinemachineVirtualCameraBaseEditor.cs' contains partial class of Unity.Object, exactly 1 of the partial classes needs to be in a file with the same filename. This is to know the one that can be referenced from ie. GameObjects
'Packages/com.unity.render-pipelines.high-definition/Editor/Wizard/HDWizard.UIElement.cs' contains partial class of Unity.Object, exactly 1 of the partial classes needs to be in a file with the same filename. This is to know the one that can be referenced from ie. GameObjects
'Packages/com.unity.render-pipelines.high-definition/Editor/Wizard/HDWizard.Configuration.cs' contains partial class of Unity.Object, exactly 1 of the partial classes needs to be in a file with the same filename. This is to know the one that can be referenced from ie. GameObjects
'Packages/com.unity.cinemachine/Editor/Editors/CinemachineVirtualCameraBaseEditor.cs' contains partial class of Unity.Object, exactly 1 of the partial classes needs to be in a file with the same filename. This is to know the one that can be referenced from ie. GameObjects
'Packages/com.unity.render-pipelines.high-definition/Editor/Wizard/HDWizard.Window.cs' contains partial class of Unity.Object, exactly 1 of the partial classes needs to be in a file with the same filename. This is to know the one that can be referenced from ie. GameObjects
Refreshing native plugins compatible for Editor in 4.17 ms, found 3 plugins.
Native extension for Android target not found
Native extension for WindowsStandalone target not found
Package Manager log level set to [2]
[Package Manager] Failed to launch server process. Reason: Unity was launched with the -noUpm command-line argument
[Package Manager] Unable to send message (not connected to server process).
[Package Manager] Cannot connect to Unity Package Manager local server
Refreshing native plugins compatible for Editor in 4.35 ms, found 3 plugins.
[MODES] ModeService[none].Initialize
[MODES] ModeService[none].LoadModes
[MODES] Loading mode Default (0) for mode-current-id-RPG3D
Mono: successfully reloaded assembly
- Finished resetting the current domain, in  1.169 seconds
Domain Reload Profiling: 2282ms
	BeginReloadAssembly (185ms)
		ExecutionOrderSort (0ms)
		DisableScriptedObjects (6ms)
		BackupInstance (0ms)
		ReleaseScriptingObjects (0ms)
		CreateAndSetChildDomain (35ms)
	RebuildCommonClasses (39ms)
	RebuildNativeTypeToScriptingClass (13ms)
	initialDomainReloadingComplete (44ms)
	LoadAllAssembliesAndSetupDomain (831ms)
		LoadAssemblies (492ms)
		RebuildTransferFunctionScriptingTraits (0ms)
		AnalyzeDomain (448ms)
			TypeCache.Refresh (326ms)
				TypeCache.ScanAssembly (300ms)
			BuildScriptInfoCaches (101ms)
			ResolveRequiredComponents (17ms)
	FinalizeReload (1170ms)
		ReleaseScriptCaches (0ms)
		RebuildScriptCaches (0ms)
		SetupLoadedEditorAssemblies (989ms)
			LogAssemblyErrors (0ms)
			InitializePlatformSupportModulesInManaged (15ms)
			SetLoadedEditorAssemblies (4ms)
			BeforeProcessingInitializeOnLoad (152ms)
			ProcessInitializeOnLoadAttributes (547ms)
			ProcessInitializeOnLoadMethodAttributes (267ms)
			AfterProcessingInitializeOnLoad (5ms)
			EditorAssembliesLoaded (0ms)
		ExecutionOrderSort2 (0ms)
		AwakeInstancesAfterBackupRestoration (13ms)
Shader 'Custom/RainShader': fallback shader 'Particles/Alpha Blended' not found
Launched and connected shader compiler UnityShaderCompiler.exe after 0.03 seconds
Refreshing native plugins compatible for Editor in 4.31 ms, found 3 plugins.
Preloading 0 native plugins for Editor in 0.00 ms.
Unloading 480 Unused Serialized files (Serialized files now loaded: 0)
Unloading 9629 unused Assets / (27.8 MB). Loaded Objects now: 10195.
Memory consumption went from 303.7 MB to 275.9 MB.
Total: 22.980400 ms (FindLiveObjects: 1.064100 ms CreateObjectMapping: 0.937700 ms MarkObjects: 10.602600 ms  DeleteObjects: 10.373400 ms)

========================================================================
Received Prepare
Begin MonoManager ReloadAssembly
Symbol file LoadedFromMemory is not a mono symbol file
- Loaded All Assemblies, in  0.911 seconds
'Packages/com.unity.cinemachine/Editor/Obsolete/CinemachineVirtualCameraBaseEditor.cs' contains partial class of Unity.Object, exactly 1 of the partial classes needs to be in a file with the same filename. This is to know the one that can be referenced from ie. GameObjects
'Packages/com.unity.render-pipelines.high-definition/Editor/Wizard/HDWizard.UIElement.cs' contains partial class of Unity.Object, exactly 1 of the partial classes needs to be in a file with the same filename. This is to know the one that can be referenced from ie. GameObjects
'Packages/com.unity.render-pipelines.high-definition/Editor/Wizard/HDWizard.Configuration.cs' contains partial class of Unity.Object, exactly 1 of the partial classes needs to be in a file with the same filename. This is to know the one that can be referenced from ie. GameObjects
'Packages/com.unity.cinemachine/Editor/Editors/CinemachineVirtualCameraBaseEditor.cs' contains partial class of Unity.Object, exactly 1 of the partial classes needs to be in a file with the same filename. This is to know the one that can be referenced from ie. GameObjects
'Packages/com.unity.render-pipelines.high-definition/Editor/Wizard/HDWizard.Window.cs' contains partial class of Unity.Object, exactly 1 of the partial classes needs to be in a file with the same filename. This is to know the one that can be referenced from ie. GameObjects
Refreshing native plugins compatible for Editor in 3.76 ms, found 3 plugins.
Native extension for Android target not found
Native extension for WindowsStandalone target not found
[Package Manager] Failed to launch server process. Reason: Unity was launched with the -noUpm command-line argument
[Package Manager] Unable to send message (not connected to server process).
[Package Manager] Cannot connect to Unity Package Manager local server
[MODES] ModeService[none].Initialize
[MODES] ModeService[none].LoadModes
Mono: successfully reloaded assembly
- Finished resetting the current domain, in  1.067 seconds
Domain Reload Profiling: 1979ms
	BeginReloadAssembly (238ms)
		ExecutionOrderSort (0ms)
		DisableScriptedObjects (7ms)
		BackupInstance (0ms)
		ReleaseScriptingObjects (0ms)
		CreateAndSetChildDomain (80ms)
	RebuildCommonClasses (32ms)
	RebuildNativeTypeToScriptingClass (11ms)
	initialDomainReloadingComplete (26ms)
	LoadAllAssembliesAndSetupDomain (604ms)
		LoadAssemblies (471ms)
		RebuildTransferFunctionScriptingTraits (0ms)
		AnalyzeDomain (233ms)
			TypeCache.Refresh (7ms)
				TypeCache.ScanAssembly (0ms)
			BuildScriptInfoCaches (207ms)
			ResolveRequiredComponents (14ms)
	FinalizeReload (1067ms)
		ReleaseScriptCaches (0ms)
		RebuildScriptCaches (0ms)
		SetupLoadedEditorAssemblies (908ms)
			LogAssemblyErrors (0ms)
			InitializePlatformSupportModulesInManaged (14ms)
			SetLoadedEditorAssemblies (4ms)
			BeforeProcessingInitializeOnLoad (136ms)
			ProcessInitializeOnLoadAttributes (462ms)
			ProcessInitializeOnLoadMethodAttributes (286ms)
			AfterProcessingInitializeOnLoad (6ms)
			EditorAssembliesLoaded (1ms)
		ExecutionOrderSort2 (0ms)
		AwakeInstancesAfterBackupRestoration (13ms)
Shader 'Custom/RainShader': fallback shader 'Particles/Alpha Blended' not found
Refreshing native plugins compatible for Editor in 6.73 ms, found 3 plugins.
Preloading 0 native plugins for Editor in 0.00 ms.
Unloading 195 Unused Serialized files (Serialized files now loaded: 0)
Unloading 9627 unused Assets / (27.4 MB). Loaded Objects now: 10197.
Memory consumption went from 239.3 MB to 212.0 MB.
Total: 33.338700 ms (FindLiveObjects: 1.452900 ms CreateObjectMapping: 1.768000 ms MarkObjects: 14.959500 ms  DeleteObjects: 15.156200 ms)

Prepare: number of updated asset objects reloaded= 0
========================================================================
Received Import Request.
  Time since last request: 904.520391 seconds.
  path: Assets/Characters/DemonBoss4/Prefab/Base_mesh_Skin2.prefab
  artifactKey: Guid(29d3919d821d4c843872c82d7bc51171) Importer(815301076,1909f56bfc062723c751e8b465ee728b)
Start importing Assets/Characters/DemonBoss4/Prefab/Base_mesh_Skin2.prefab using Guid(29d3919d821d4c843872c82d7bc51171) Importer(815301076,1909f56bfc062723c751e8b465ee728b) (PreviewImporter) -> (artifact id: 'f6e3553e6a46ad652d6b59dd55014c30') in 1.2999144 seconds
Number of updated asset objects reloaded before import = 0Number of asset objects unloaded after import = 249

========================================================================
Received Import Request.
  Time since last request: 1.752339 seconds.
  path: Assets/Characters/DemonBoss4/Animations/DemonLady@attack2.fbx
  artifactKey: Guid(252e64f30bfdfc34ab7e8e826738ab82) Importer(815301076,1909f56bfc062723c751e8b465ee728b)
Start importing Assets/Characters/DemonBoss4/Animations/DemonLady@attack2.fbx using Guid(252e64f30bfdfc34ab7e8e826738ab82) Importer(815301076,1909f56bfc062723c751e8b465ee728b) (PreviewImporter) -> (artifact id: 'e29b8f3a9d1d485e90e60cd60bdbf377') in 0.0719499 seconds
Number of updated asset objects reloaded before import = 0Number of asset objects unloaded after import = 215

========================================================================
Received Import Request.
  Time since last request: 0.000023 seconds.
  path: Assets/Characters/DemonBoss4/Animations/DemonLady@Idle1.fbx
  artifactKey: Guid(d2cb72819a0aceb4eb7773c403a0569d) Importer(815301076,1909f56bfc062723c751e8b465ee728b)
Start importing Assets/Characters/DemonBoss4/Animations/DemonLady@Idle1.fbx using Guid(d2cb72819a0aceb4eb7773c403a0569d) Importer(815301076,1909f56bfc062723c751e8b465ee728b) (PreviewImporter) -> (artifact id: 'd8cbb17b12084121549bb04e77e020da') in 0.0104265 seconds
Number of updated asset objects reloaded before import = 0Number of asset objects unloaded after import = 215

========================================================================
Received Import Request.
  Time since last request: 0.000033 seconds.
  path: Assets/Characters/DemonBoss4/Animations/DemonLady@walk1.fbx
  artifactKey: Guid(a3a2b2fa5ba3e4b4c8b2f0804f04c782) Importer(815301076,1909f56bfc062723c751e8b465ee728b)
Start importing Assets/Characters/DemonBoss4/Animations/DemonLady@walk1.fbx using Guid(a3a2b2fa5ba3e4b4c8b2f0804f04c782) Importer(815301076,1909f56bfc062723c751e8b465ee728b) (PreviewImporter) -> (artifact id: '625f9adad0ec18ba29280f20c84b617c') in 0.0116523 seconds
Number of updated asset objects reloaded before import = 0Number of asset objects unloaded after import = 215

========================================================================
Received Import Request.
  Time since last request: 0.000023 seconds.
  path: Assets/Characters/DemonBoss4/Animations/DemonLady@StrafeRight.fbx
  artifactKey: Guid(7a3646cd436e10d4cab72980c21674f3) Importer(815301076,1909f56bfc062723c751e8b465ee728b)
Start importing Assets/Characters/DemonBoss4/Animations/DemonLady@StrafeRight.fbx using Guid(7a3646cd436e10d4cab72980c21674f3) Importer(815301076,1909f56bfc062723c751e8b465ee728b) (PreviewImporter) -> (artifact id: 'a42362475c05681ec62140057991682e') in 0.0097344 seconds
Number of updated asset objects reloaded before import = 0Number of asset objects unloaded after import = 215

========================================================================
Received Import Request.
  Time since last request: 0.000019 seconds.
  path: Assets/Characters/DemonBoss4/Animations/DemonLady@StrafeLeft.fbx
  artifactKey: Guid(9b9ae28c35b7e364495dc4183dadb5d0) Importer(815301076,1909f56bfc062723c751e8b465ee728b)
Start importing Assets/Characters/DemonBoss4/Animations/DemonLady@StrafeLeft.fbx using Guid(9b9ae28c35b7e364495dc4183dadb5d0) Importer(815301076,1909f56bfc062723c751e8b465ee728b) (PreviewImporter) -> (artifact id: 'c90334cf7617cd9d0987d4b8c5491298') in 0.0103483 seconds
Number of updated asset objects reloaded before import = 0Number of asset objects unloaded after import = 215

========================================================================
Received Import Request.
  Time since last request: 0.000019 seconds.
  path: Assets/Characters/DemonBoss4/Animations/DemonLady@attack3.fbx
  artifactKey: Guid(3984e74e62d518d43aeb7c7b913900a9) Importer(815301076,1909f56bfc062723c751e8b465ee728b)
Start importing Assets/Characters/DemonBoss4/Animations/DemonLady@attack3.fbx using Guid(3984e74e62d518d43aeb7c7b913900a9) Importer(815301076,1909f56bfc062723c751e8b465ee728b) (PreviewImporter) -> (artifact id: '94ef77c69578176f6ce7b33f4c31c140') in 0.0100096 seconds
Number of updated asset objects reloaded before import = 0Number of asset objects unloaded after import = 215

========================================================================
Received Import Request.
  Time since last request: 0.000019 seconds.
  path: Assets/Characters/DemonBoss4/Animations/DemonLady@attack4.fbx
  artifactKey: Guid(60d280e0baa725b4e88dce38d020714a) Importer(815301076,1909f56bfc062723c751e8b465ee728b)
Start importing Assets/Characters/DemonBoss4/Animations/DemonLady@attack4.fbx using Guid(60d280e0baa725b4e88dce38d020714a) Importer(815301076,1909f56bfc062723c751e8b465ee728b) (PreviewImporter) -> (artifact id: '469a6d4fd56ceb3ccab20ce3063962ca') in 0.0093428 seconds
Number of updated asset objects reloaded before import = 0Number of asset objects unloaded after import = 215

========================================================================
Received Import Request.
  Time since last request: 0.000020 seconds.
  path: Assets/Characters/DemonBoss4/Animations/DemonLady@gethit2.fbx
  artifactKey: Guid(7a588aa39ad997e4692f451405b4b026) Importer(815301076,1909f56bfc062723c751e8b465ee728b)
Start importing Assets/Characters/DemonBoss4/Animations/DemonLady@gethit2.fbx using Guid(7a588aa39ad997e4692f451405b4b026) Importer(815301076,1909f56bfc062723c751e8b465ee728b) (PreviewImporter) -> (artifact id: '873dcd388c37f6acf4613966b1164f88') in 0.0110679 seconds
Number of updated asset objects reloaded before import = 0Number of asset objects unloaded after import = 215

========================================================================
Received Import Request.
  Time since last request: 0.000173 seconds.
  path: Assets/Characters/DemonBoss4/Animations/DemonLady@gethit3.fbx
  artifactKey: Guid(ea50331a3baac4245b325deb2f1d0dc2) Importer(815301076,1909f56bfc062723c751e8b465ee728b)
Start importing Assets/Characters/DemonBoss4/Animations/DemonLady@gethit3.fbx using Guid(ea50331a3baac4245b325deb2f1d0dc2) Importer(815301076,1909f56bfc062723c751e8b465ee728b) (PreviewImporter) -> (artifact id: 'ace5314ab550522a423fa7e6a9e75d95') in 0.0089813 seconds
Number of updated asset objects reloaded before import = 0Number of asset objects unloaded after import = 215

========================================================================
Received Import Request.
  Time since last request: 20.083620 seconds.
  path: Assets/Characters/DemonBoss4/Prefab/Base_mesh_Skin3.prefab
  artifactKey: Guid(b6782ca15b7a0d644858d5cca3388e95) Importer(815301076,1909f56bfc062723c751e8b465ee728b)
Start importing Assets/Characters/DemonBoss4/Prefab/Base_mesh_Skin3.prefab using Guid(b6782ca15b7a0d644858d5cca3388e95) Importer(815301076,1909f56bfc062723c751e8b465ee728b) (PreviewImporter) -> (artifact id: 'c671ac92fb44f4658d40d2099f3a3092') in 0.2541573 seconds
Number of updated asset objects reloaded before import = 0Number of asset objects unloaded after import = 249

========================================================================
Received Import Request.
  Time since last request: 2.907764 seconds.
  path: Assets/Characters/DemonBoss4/Materials/Mat_DemonBoss4_Body_Skin3.mat
  artifactKey: Guid(d29c3e373841f2c43b5b6b73de18046b) Importer(815301076,1909f56bfc062723c751e8b465ee728b)
Start importing Assets/Characters/DemonBoss4/Materials/Mat_DemonBoss4_Body_Skin3.mat using Guid(d29c3e373841f2c43b5b6b73de18046b) Importer(815301076,1909f56bfc062723c751e8b465ee728b) (PreviewImporter) -> (artifact id: '08f77cc47ee3634641a51455c541d708') in 0.2562953 seconds
Number of updated asset objects reloaded before import = 0Number of asset objects unloaded after import = 6

========================================================================
Received Import Request.
  Time since last request: 403.636040 seconds.
  path: Assets/Characters/DemonBoss4/Animations/DemonLady@Death3.fbx
  artifactKey: Guid(9f29f5e4231c15a4aaa82da9e529c3cb) Importer(815301076,1909f56bfc062723c751e8b465ee728b)
Start importing Assets/Characters/DemonBoss4/Animations/DemonLady@Death3.fbx using Guid(9f29f5e4231c15a4aaa82da9e529c3cb) Importer(815301076,1909f56bfc062723c751e8b465ee728b) (PreviewImporter) -> (artifact id: '9ac126cae5819f56fbe485399fed904f') in 0.0379501 seconds
Number of updated asset objects reloaded before import = 0Number of asset objects unloaded after import = 217

========================================================================
Received Import Request.
  Time since last request: 0.000025 seconds.
  path: Assets/Characters/DemonBoss4/Animations/DemonLady@walkBack.fbx
  artifactKey: Guid(ef2f4e10dfb988644abf8a32f041985d) Importer(815301076,1909f56bfc062723c751e8b465ee728b)
Start importing Assets/Characters/DemonBoss4/Animations/DemonLady@walkBack.fbx using Guid(ef2f4e10dfb988644abf8a32f041985d) Importer(815301076,1909f56bfc062723c751e8b465ee728b) (PreviewImporter) -> (artifact id: '46eac63fc35f887fa19ddaeaf3460df7') in 0.0078421 seconds
Number of updated asset objects reloaded before import = 0Number of asset objects unloaded after import = 217

========================================================================
Received Import Request.
  Time since last request: 0.000024 seconds.
  path: Assets/Characters/DemonBoss4/Animations/DemonLady@Run.fbx
  artifactKey: Guid(a843ad7ae646f5144a27b5db1d2b924c) Importer(815301076,1909f56bfc062723c751e8b465ee728b)
Start importing Assets/Characters/DemonBoss4/Animations/DemonLady@Run.fbx using Guid(a843ad7ae646f5144a27b5db1d2b924c) Importer(815301076,1909f56bfc062723c751e8b465ee728b) (PreviewImporter) -> (artifact id: '006b77283dc9e0c12022c0fe75663bdb') in 0.007394 seconds
Number of updated asset objects reloaded before import = 0Number of asset objects unloaded after import = 217

========================================================================
Received Import Request.
  Time since last request: 0.000030 seconds.
  path: Assets/Characters/DemonBoss4/Animations/DemonLady@Idle3.fbx
  artifactKey: Guid(0626840b18d78b4409881eecd6d3983d) Importer(815301076,1909f56bfc062723c751e8b465ee728b)
Start importing Assets/Characters/DemonBoss4/Animations/DemonLady@Idle3.fbx using Guid(0626840b18d78b4409881eecd6d3983d) Importer(815301076,1909f56bfc062723c751e8b465ee728b) (PreviewImporter) -> (artifact id: '2045027c78b81785d88f4a44595c5653') in 0.0093365 seconds
Number of updated asset objects reloaded before import = 0Number of asset objects unloaded after import = 217

========================================================================
Received Import Request.
  Time since last request: 0.000032 seconds.
  path: Assets/Characters/DemonBoss4/Animations/DemonLady@Idle2.fbx
  artifactKey: Guid(9b171c04859cf79468521cd5dda64b13) Importer(815301076,1909f56bfc062723c751e8b465ee728b)
Start importing Assets/Characters/DemonBoss4/Animations/DemonLady@Idle2.fbx using Guid(9b171c04859cf79468521cd5dda64b13) Importer(815301076,1909f56bfc062723c751e8b465ee728b) (PreviewImporter) -> (artifact id: 'b5698e77a5b7f915af6f575ffe80b566') in 0.009348 seconds
Number of updated asset objects reloaded before import = 0Number of asset objects unloaded after import = 217

========================================================================
Received Import Request.
  Time since last request: 0.000019 seconds.
  path: Assets/Characters/DemonBoss4/Animations/DemonLady@Rage.fbx
  artifactKey: Guid(bc6988ab4c1f1464b9a9eddbdee076c3) Importer(815301076,1909f56bfc062723c751e8b465ee728b)
Start importing Assets/Characters/DemonBoss4/Animations/DemonLady@Rage.fbx using Guid(bc6988ab4c1f1464b9a9eddbdee076c3) Importer(815301076,1909f56bfc062723c751e8b465ee728b) (PreviewImporter) -> (artifact id: 'a4cb31a5f4fa3fe9e0a72e376555b272') in 0.0123118 seconds
Number of updated asset objects reloaded before import = 0Number of asset objects unloaded after import = 217

========================================================================
Received Import Request.
  Time since last request: 0.000027 seconds.
  path: Assets/Characters/DemonBoss4/Animations/DemonLady@gethit1.fbx
  artifactKey: Guid(af428637f3b178647a21b925f3090a3d) Importer(815301076,1909f56bfc062723c751e8b465ee728b)
Start importing Assets/Characters/DemonBoss4/Animations/DemonLady@gethit1.fbx using Guid(af428637f3b178647a21b925f3090a3d) Importer(815301076,1909f56bfc062723c751e8b465ee728b) (PreviewImporter) -> (artifact id: '585dcde659d7f32ffe727162b448e8b1') in 0.0086293 seconds
Number of updated asset objects reloaded before import = 0Number of asset objects unloaded after import = 217

Editor requested this worker to shutdown with reason: Scaling down because of idle timeout
AssetImportWorker is now disconnected from the server
Process exiting
Exiting without the bug reporter. Application will terminate with return code 0